// Jest Snapshot v1, https://goo.gl/fbAQLP

exports[`floor scatter should render dom 1`] = `
<div>
  <div
    class="rangeContainer"
    title="楼层分解"
  >
    <div
      class="icon "
      data-selected="false"
      role="button"
      style="background-image: url(floorScatter.png);"
      tabindex="0"
    />
  </div>
</div>
`;

exports[`floor scatter should scatter model's floor 1`] = `
Array [
  1.5,
]
`;
