// Jest Snapshot v1, https://goo.gl/fbAQLP

exports[`freeRoamOption should change gravity state 1`] = `
<div>
  <div
    class="option"
    role="presentation"
  >
    <div>
      漫游设置：
    </div>
    <div>
      <div
        role="presentation"
      >
        <div
          role="presentation"
          style="width: 16px; height: 16px; background-image: url(normal.png);"
        />
      </div>
      <div>
         碰撞
      </div>
    </div>
    <div>
      <div
        role="presentation"
      >
        <div
          role="presentation"
          style="width: 16px; height: 16px; background-image: url(select.png);"
        />
      </div>
      <div>
         重力
      </div>
    </div>
    <div
      class="manHeightContainer"
      style="display: flex;"
    >
      <div
        class="manHeight"
        style="display: none;"
      >
        <div>
          镜头高度：
          <input
            max="999"
            min="0.1"
            step="0.1"
            type="number"
            value="1.5"
          />
           m
        </div>
        <div
          class="freeRoamBtn"
        >
          <button
            class="cancelBtn"
            type="button"
          >
            取消
          </button>
          <button
            type="button"
          >
            确定
          </button>
        </div>
      </div>
      <div
        role="presentation"
      >
        <div
          role="presentation"
          style="width: 16px; height: 16px; background-image: url(normal.png);"
        />
      </div>
      <div>
         镜头高度
      </div>
    </div>
    <div>
      <div
        role="presentation"
      >
        <div
          role="presentation"
          style="width: 16px; height: 16px; background-image: url(normal.png);"
        />
      </div>
      <div>
         视角跟随
      </div>
    </div>
    <div>
      <div
        role="presentation"
      >
        <div
          role="presentation"
          style="width: 16px; height: 16px; background-image: url(normal.png);"
        />
      </div>
      <div>
         俯仰锁定
      </div>
    </div>
  </div>
</div>
`;

exports[`freeRoamOption should change gravity state 2`] = `
<div>
  <div
    class="option"
    role="presentation"
  >
    <div>
      漫游设置：
    </div>
    <div>
      <div
        role="presentation"
      >
        <div
          role="presentation"
          style="width: 16px; height: 16px; background-image: url(normal.png);"
        />
      </div>
      <div>
         碰撞
      </div>
    </div>
    <div>
      <div
        role="presentation"
      >
        <div
          role="presentation"
          style="width: 16px; height: 16px; background-image: url(normal.png);"
        />
      </div>
      <div>
         重力
      </div>
    </div>
    <div
      class="manHeightContainer"
      style="display: none;"
    >
      <div
        class="manHeight"
        style="display: none;"
      >
        <div>
          镜头高度：
          <input
            max="999"
            min="0.1"
            step="0.1"
            type="number"
            value="1.5"
          />
           m
        </div>
        <div
          class="freeRoamBtn"
        >
          <button
            class="cancelBtn"
            type="button"
          >
            取消
          </button>
          <button
            type="button"
          >
            确定
          </button>
        </div>
      </div>
      <div
        role="presentation"
      >
        <div
          role="presentation"
          style="width: 16px; height: 16px; background-image: url(normal.png);"
        />
      </div>
      <div>
         镜头高度
      </div>
    </div>
    <div>
      <div
        role="presentation"
      >
        <div
          role="presentation"
          style="width: 16px; height: 16px; background-image: url(normal.png);"
        />
      </div>
      <div>
         视角跟随
      </div>
    </div>
    <div>
      <div
        role="presentation"
      >
        <div
          role="presentation"
          style="width: 16px; height: 16px; background-image: url(normal.png);"
        />
      </div>
      <div>
         俯仰锁定
      </div>
    </div>
  </div>
</div>
`;

exports[`freeRoamOption should change impact state 1`] = `
<div>
  <div
    class="option"
    role="presentation"
  >
    <div>
      漫游设置：
    </div>
    <div>
      <div
        role="presentation"
      >
        <div
          role="presentation"
          style="width: 16px; height: 16px; background-image: url(select.png);"
        />
      </div>
      <div>
         碰撞
      </div>
    </div>
    <div>
      <div
        role="presentation"
      >
        <div
          role="presentation"
          style="width: 16px; height: 16px; background-image: url(normal.png);"
        />
      </div>
      <div>
         重力
      </div>
    </div>
    <div
      class="manHeightContainer"
      style="display: none;"
    >
      <div
        class="manHeight"
        style="display: none;"
      >
        <div>
          镜头高度：
          <input
            max="999"
            min="0.1"
            step="0.1"
            type="number"
            value="1.5"
          />
           m
        </div>
        <div
          class="freeRoamBtn"
        >
          <button
            class="cancelBtn"
            type="button"
          >
            取消
          </button>
          <button
            type="button"
          >
            确定
          </button>
        </div>
      </div>
      <div
        role="presentation"
      >
        <div
          role="presentation"
          style="width: 16px; height: 16px; background-image: url(normal.png);"
        />
      </div>
      <div>
         镜头高度
      </div>
    </div>
    <div>
      <div
        role="presentation"
      >
        <div
          role="presentation"
          style="width: 16px; height: 16px; background-image: url(normal.png);"
        />
      </div>
      <div>
         视角跟随
      </div>
    </div>
    <div>
      <div
        role="presentation"
      >
        <div
          role="presentation"
          style="width: 16px; height: 16px; background-image: url(normal.png);"
        />
      </div>
      <div>
         俯仰锁定
      </div>
    </div>
  </div>
</div>
`;

exports[`freeRoamOption should change impact state 2`] = `
<div>
  <div
    class="option"
    role="presentation"
  >
    <div>
      漫游设置：
    </div>
    <div>
      <div
        role="presentation"
      >
        <div
          role="presentation"
          style="width: 16px; height: 16px; background-image: url(normal.png);"
        />
      </div>
      <div>
         碰撞
      </div>
    </div>
    <div>
      <div
        role="presentation"
      >
        <div
          role="presentation"
          style="width: 16px; height: 16px; background-image: url(normal.png);"
        />
      </div>
      <div>
         重力
      </div>
    </div>
    <div
      class="manHeightContainer"
      style="display: none;"
    >
      <div
        class="manHeight"
        style="display: none;"
      >
        <div>
          镜头高度：
          <input
            max="999"
            min="0.1"
            step="0.1"
            type="number"
            value="1.5"
          />
           m
        </div>
        <div
          class="freeRoamBtn"
        >
          <button
            class="cancelBtn"
            type="button"
          >
            取消
          </button>
          <button
            type="button"
          >
            确定
          </button>
        </div>
      </div>
      <div
        role="presentation"
      >
        <div
          role="presentation"
          style="width: 16px; height: 16px; background-image: url(normal.png);"
        />
      </div>
      <div>
         镜头高度
      </div>
    </div>
    <div>
      <div
        role="presentation"
      >
        <div
          role="presentation"
          style="width: 16px; height: 16px; background-image: url(normal.png);"
        />
      </div>
      <div>
         视角跟随
      </div>
    </div>
    <div>
      <div
        role="presentation"
      >
        <div
          role="presentation"
          style="width: 16px; height: 16px; background-image: url(normal.png);"
        />
      </div>
      <div>
         俯仰锁定
      </div>
    </div>
  </div>
</div>
`;

exports[`freeRoamOption should render dom 1`] = `
<div>
  <div
    class="option"
    role="presentation"
  >
    <div>
      漫游设置：
    </div>
    <div>
      <div
        role="presentation"
      >
        <div
          role="presentation"
          style="width: 16px; height: 16px; background-image: url(normal.png);"
        />
      </div>
      <div>
         碰撞
      </div>
    </div>
    <div>
      <div
        role="presentation"
      >
        <div
          role="presentation"
          style="width: 16px; height: 16px; background-image: url(normal.png);"
        />
      </div>
      <div>
         重力
      </div>
    </div>
    <div
      class="manHeightContainer"
      style="display: none;"
    >
      <div
        class="manHeight"
        style="display: none;"
      >
        <div>
          镜头高度：
          <input
            max="999"
            min="0.1"
            step="0.1"
            type="number"
            value="1.5"
          />
           m
        </div>
        <div
          class="freeRoamBtn"
        >
          <button
            class="cancelBtn"
            type="button"
          >
            取消
          </button>
          <button
            type="button"
          >
            确定
          </button>
        </div>
      </div>
      <div
        role="presentation"
      >
        <div
          role="presentation"
          style="width: 16px; height: 16px; background-image: url(normal.png);"
        />
      </div>
      <div>
         镜头高度
      </div>
    </div>
    <div>
      <div
        role="presentation"
      >
        <div
          role="presentation"
          style="width: 16px; height: 16px; background-image: url(normal.png);"
        />
      </div>
      <div>
         视角跟随
      </div>
    </div>
    <div>
      <div
        role="presentation"
      >
        <div
          role="presentation"
          style="width: 16px; height: 16px; background-image: url(normal.png);"
        />
      </div>
      <div>
         俯仰锁定
      </div>
    </div>
  </div>
</div>
`;

exports[`freeRoamOption should trigger man height dialog's state 1`] = `
<div>
  <div
    class="option"
    role="presentation"
  >
    <div>
      漫游设置：
    </div>
    <div>
      <div
        role="presentation"
      >
        <div
          role="presentation"
          style="width: 16px; height: 16px; background-image: url(normal.png);"
        />
      </div>
      <div>
         碰撞
      </div>
    </div>
    <div>
      <div
        role="presentation"
      >
        <div
          role="presentation"
          style="width: 16px; height: 16px; background-image: url(select.png);"
        />
      </div>
      <div>
         重力
      </div>
    </div>
    <div
      class="manHeightContainer"
      style="display: flex;"
    >
      <div
        class="manHeight"
        style="display: flex;"
      >
        <div>
          镜头高度：
          <input
            max="999"
            min="0.1"
            step="0.1"
            type="number"
            value="1.5"
          />
           m
        </div>
        <div
          class="freeRoamBtn"
        >
          <button
            class="cancelBtn"
            type="button"
          >
            取消
          </button>
          <button
            type="button"
          >
            确定
          </button>
        </div>
      </div>
      <div
        role="presentation"
      >
        <div
          role="presentation"
          style="width: 16px; height: 16px; background-image: url(select.png);"
        />
      </div>
      <div>
         镜头高度
      </div>
    </div>
    <div>
      <div
        role="presentation"
      >
        <div
          role="presentation"
          style="width: 16px; height: 16px; background-image: url(normal.png);"
        />
      </div>
      <div>
         视角跟随
      </div>
    </div>
    <div>
      <div
        role="presentation"
      >
        <div
          role="presentation"
          style="width: 16px; height: 16px; background-image: url(normal.png);"
        />
      </div>
      <div>
         俯仰锁定
      </div>
    </div>
  </div>
</div>
`;

exports[`freeRoamOption should trigger man height dialog's state 2`] = `
<div>
  <div
    class="option"
    role="presentation"
  >
    <div>
      漫游设置：
    </div>
    <div>
      <div
        role="presentation"
      >
        <div
          role="presentation"
          style="width: 16px; height: 16px; background-image: url(normal.png);"
        />
      </div>
      <div>
         碰撞
      </div>
    </div>
    <div>
      <div
        role="presentation"
      >
        <div
          role="presentation"
          style="width: 16px; height: 16px; background-image: url(select.png);"
        />
      </div>
      <div>
         重力
      </div>
    </div>
    <div
      class="manHeightContainer"
      style="display: flex;"
    >
      <div
        class="manHeight"
        style="display: none;"
      >
        <div>
          镜头高度：
          <input
            max="999"
            min="0.1"
            step="0.1"
            type="number"
            value="1.5"
          />
           m
        </div>
        <div
          class="freeRoamBtn"
        >
          <button
            class="cancelBtn"
            type="button"
          >
            取消
          </button>
          <button
            type="button"
          >
            确定
          </button>
        </div>
      </div>
      <div
        role="presentation"
      >
        <div
          role="presentation"
          style="width: 16px; height: 16px; background-image: url(normal.png);"
        />
      </div>
      <div>
         镜头高度
      </div>
    </div>
    <div>
      <div
        role="presentation"
      >
        <div
          role="presentation"
          style="width: 16px; height: 16px; background-image: url(normal.png);"
        />
      </div>
      <div>
         视角跟随
      </div>
    </div>
    <div>
      <div
        role="presentation"
      >
        <div
          role="presentation"
          style="width: 16px; height: 16px; background-image: url(normal.png);"
        />
      </div>
      <div>
         俯仰锁定
      </div>
    </div>
  </div>
</div>
`;

exports[`freeRoamOption should trigger man height dialog's state 3`] = `
<div>
  <div
    class="option"
    role="presentation"
  >
    <div>
      漫游设置：
    </div>
    <div>
      <div
        role="presentation"
      >
        <div
          role="presentation"
          style="width: 16px; height: 16px; background-image: url(normal.png);"
        />
      </div>
      <div>
         碰撞
      </div>
    </div>
    <div>
      <div
        role="presentation"
      >
        <div
          role="presentation"
          style="width: 16px; height: 16px; background-image: url(select.png);"
        />
      </div>
      <div>
         重力
      </div>
    </div>
    <div
      class="manHeightContainer"
      style="display: flex;"
    >
      <div
        class="manHeight"
        style="display: none;"
      >
        <div>
          镜头高度：
          <input
            max="999"
            min="0.1"
            step="0.1"
            type="number"
            value="1.5"
          />
           m
        </div>
        <div
          class="freeRoamBtn"
        >
          <button
            class="cancelBtn"
            type="button"
          >
            取消
          </button>
          <button
            type="button"
          >
            确定
          </button>
        </div>
      </div>
      <div
        role="presentation"
      >
        <div
          role="presentation"
          style="width: 16px; height: 16px; background-image: url(select.png);"
        />
      </div>
      <div>
         镜头高度
      </div>
    </div>
    <div>
      <div
        role="presentation"
      >
        <div
          role="presentation"
          style="width: 16px; height: 16px; background-image: url(normal.png);"
        />
      </div>
      <div>
         视角跟随
      </div>
    </div>
    <div>
      <div
        role="presentation"
      >
        <div
          role="presentation"
          style="width: 16px; height: 16px; background-image: url(normal.png);"
        />
      </div>
      <div>
         俯仰锁定
      </div>
    </div>
  </div>
</div>
`;

exports[`freeRoamOption should trigger man height dialog's state 4`] = `
<div>
  <div
    class="option"
    role="presentation"
  >
    <div>
      漫游设置：
    </div>
    <div>
      <div
        role="presentation"
      >
        <div
          role="presentation"
          style="width: 16px; height: 16px; background-image: url(normal.png);"
        />
      </div>
      <div>
         碰撞
      </div>
    </div>
    <div>
      <div
        role="presentation"
      >
        <div
          role="presentation"
          style="width: 16px; height: 16px; background-image: url(select.png);"
        />
      </div>
      <div>
         重力
      </div>
    </div>
    <div
      class="manHeightContainer"
      style="display: flex;"
    >
      <div
        class="manHeight"
        style="display: none;"
      >
        <div>
          镜头高度：
          <input
            max="999"
            min="0.1"
            step="0.1"
            type="number"
            value="1.5"
          />
           m
        </div>
        <div
          class="freeRoamBtn"
        >
          <button
            class="cancelBtn"
            type="button"
          >
            取消
          </button>
          <button
            type="button"
          >
            确定
          </button>
        </div>
      </div>
      <div
        role="presentation"
      >
        <div
          role="presentation"
          style="width: 16px; height: 16px; background-image: url(normal.png);"
        />
      </div>
      <div>
         镜头高度
      </div>
    </div>
    <div>
      <div
        role="presentation"
      >
        <div
          role="presentation"
          style="width: 16px; height: 16px; background-image: url(normal.png);"
        />
      </div>
      <div>
         视角跟随
      </div>
    </div>
    <div>
      <div
        role="presentation"
      >
        <div
          role="presentation"
          style="width: 16px; height: 16px; background-image: url(normal.png);"
        />
      </div>
      <div>
         俯仰锁定
      </div>
    </div>
  </div>
</div>
`;
